// Jest Snapshot v1, https://goo.gl/fbAQLP

exports[`Form should match snapshot 1`] = `
<form
  id="productIdForm"
  onSubmit={[Function]}
>
  <div>
    <input />
  </div>
  <Button
    form="productIdForm"
    txt="Search"
    type="submit"
  />
</form>
`;
